msip-delivery: CLINT software-interrupt delivery test
hart mhartid=0
clock: 1000000 mtime ticks -> rdcycle delta 149844435 (ratio 149 rdcycle units per tick)
trap: mtvec=0x800001c8
irq-enable: mie.MSIE=1 mstatus.MIE=1
control: msip-before-set=0
control: traps-with-msip-clear=0 (expect 0)
set1: msip-readback=1
trap1: spins=0
trap1: mcause=0x8000000000000003 mepc=0x8000044e delivery-cycles=77670
clear1: msip-after-handler=0
clear1: traps-after-quiet=1 (expect 1)
set2: msip-readback=1
trap2: spins=0
trap2: mcause=0x8000000000000003 mepc=0x800005a0 delivery-cycles=27240
clear2: msip-after-handler=0
clear2: traps-after-quiet=2 (expect 2)
RESULT: PASS (mcause=0x8000000000000003 x2, no re-delivery)
done
qemu-system-riscv64: terminating on signal 15 from pid 8726 (timeout)
