mie-global: mstatus.MIE global-interrupt-enable gate check
boot: mie=0x0 mstatus=0xa00000000 (MIE=0)
trap: mtvec=0x800001c8
irq-enable: mie-after-set=0x8 (mie.MSIE=1, stays set for the run)
phase1: mstatus-after-clear=0xa00000000 (MIE=0)
phase1: msip-readback=1
phase1: mip=0x88 (MSIP=1, pending)
phase1: traps-with-MIE-clear=0 (expect 0)
phase1: mip-after-quiet=0x88 (MSIP=1, still pending)
phase1: msip-after-clear=0 mip.MSIP=0
phase2: msip-readback=1 mip.MSIP=1
phase2: mstatus-written=0xa00000008 mstatus-readback=0xa00000088 (MIE=1)
phase2: spins-to-trap=0
phase2: mcause=0x8000000000000003 mepc=0x80000564 mtval=0x0 trap-count=1
phase2: mstatus-on-trap-entry=0xa00001880 (MIE=0 MPIE=1 MPP=3)
phase2: msip-after-handler=0 mip.MSIP=0
phase2: traps-after-quiet=1 (expect 1)
regate: mstatus-after-clear=0xa00000080 (MIE=0)
regate: msip-readback=1 mip.MSIP=1
regate: traps-with-MIE-clear=1 (expect 1)
end: mie=0x8 mstatus=0xa00000080
RESULT: PASS (traps=1)
