
========================================
riscv-baremetal-demo: S-mode trap delegation
scheduler on the delegated supervisor timer interrupt
========================================

Sstc (stimecmp): present, pure S-mode timer
quantum 10000 ticks (1 ms), 200 ticks total

timer armed, entering wfi wait...

smode: done. 200 timer ticks, 200 measured context switches

task progress (task bodies never yield):
  spin-a: 14779363 iterations
  spin-b: 14621765 iterations
  spin-c: 14621614 iterations

interrupt latency (mtime tick = 100 ns):
  min 125 / median 237 / max 6674 ticks  (12500 / 23700 / 667400 ns)

context-switch cost, entry stamp to exit stamp:
  min 4440 / median 8317 / max 314235 cycles
  cross-check via mtime: min 33 / median 58 / max 2246 ticks (3300 / 5800 / 224600 ns)

rdcycle/rdtime ratio at median switch cost: 143 cycles per 100 ns tick

halting.
qemu-system-riscv64: terminating on signal 15 from pid 5092 (timeout)
