
========================================
riscv-baremetal-demo: S-mode trap delegation
scheduler on the delegated supervisor timer interrupt
========================================

Sstc (stimecmp): present, pure S-mode timer
quantum 10000 ticks (1 ms), 200 ticks total

timer armed, entering wfi wait...

smode: done. 200 timer ticks, 200 measured context switches

task progress (task bodies never yield):
  spin-a: 14328390 iterations
  spin-b: 14139164 iterations
  spin-c: 13837719 iterations

interrupt latency (mtime tick = 100 ns):
  min 123 / median 144 / max 14745 ticks  (12300 / 14400 / 1474500 ns)

context-switch cost, entry stamp to exit stamp:
  min 10875 / median 14295 / max 352080 cycles
  cross-check via mtime: min 75 / median 98 / max 2550 ticks (7500 / 9800 / 255000 ns)

rdcycle/rdtime ratio at median switch cost: 145 cycles per 100 ns tick

halting.
qemu-system-riscv64: terminating on signal 15 from pid 4938 (timeout)
