wfi-latency: CLINT timer wakeup latency (backlog item 28)
mhartid=0
mtvec=0x800001e4 mscratch=0x800036f0
cal: 10000000 mtime ticks -> rdcycle delta 1497842835 (ratio 149 rdcycle units per tick)
cal: 64 back-to-back (rdcycle, mtime) pairs monotonic: ok
trials: 400 wfi + 400 spin, mtimecmp = mtime+2000 ticks, first 8 of each discarded
trap_count=800 (expected 800)
raw wfi[0]: cmp=0x9afccf t_pre=0x9af743 c_pre=0x9c19c9e0db t_entry=0x9afeb4 c_entry=0x9c19ce45ae t_resume=0x9b0901 c_resume=0x9c19d40bd3 mepc_before=0x80000342 mcause=0x8000000000000007
raw wfi[1]: cmp=0x9b1d56 t_pre=0x9b1632 c_pre=0x9c19dbe033 t_entry=0x9b1df6 c_entry=0x9c19e06ac2 t_resume=0x9b1e12 c_resume=0x9c19e07968 mepc_before=0x80000342 mcause=0x8000000000000007
raw spin[0]: cmp=0x9b11d5 t_pre=0x9b0baf c_pre=0x9c19d5d3fa t_entry=0x9b126d c_entry=0x9c19d9ab6a t_resume=0x9b1461 c_resume=0x9c19dab4c9 mepc_before=0x80000370 mcause=0x8000000000000007
raw spin[1]: cmp=0x9b25ed t_pre=0x9b1ebe c_pre=0x9c19e0e001 t_entry=0x9b266a c_entry=0x9c19e55cf8 t_resume=0x9b2680 c_resume=0x9c19e567ed mepc_before=0x80000370 mcause=0x8000000000000007
--- wfi ---
wfi: mepc_before at_wfi=0 after_wfi=400 other=0
wake_to_resume_ticks : min=149 p50=168 max=12276 mean=383
wake_to_entry_ticks  : min=131 p50=149 max=12207 mean=360
entry_to_resume_ticks: min=17 p50=18 max=119 mean=22
trap_rdcycle_units   : min=2190 p50=2370 max=17385 mean=2990
hist wake_to_resume_ticks (n=392):
  149: 1
  150: 3
  151: 11
  152: 29
  153: 12
  154: 16
  155: 19
  156: 12
  157: 15
  158: 7
  159: 12
  160: 6
  161: 10
  162: 7
  163: 5
  164: 9
  165: 9
  166: 4
  167: 8
  168: 4
  169: 3
  171: 6
  172: 3
  173: 3
  174: 4
  175: 2
  177: 1
  179: 2
  180: 3
  181: 3
  182: 3
  183: 3
  184: 3
  185: 2
  186: 2
  187: 2
  188: 1
  189: 1
  190: 2
  191: 2
  192: 2
  193: 3
  194: 2
  195: 1
  197: 2
  198: 2
  199: 1
  200: 1
  201: 2
  202: 1
  204: 1
  205: 3
  207: 1
  208: 1
  210: 2
  211: 1
  212: 1
  213: 1
  216: 1
  217: 2
  218: 2
  219: 1
  220: 1
  221: 2
  222: 1
  223: 1
  224: 2
  225: 2
  227: 2
  228: 2
  230: 1
  231: 1
  232: 2
  233: 2
  234: 1
  235: 2
  236: 1
  237: 1
  239: 1
  242: 1
  243: 1
  244: 1
  245: 1
  246: 1
  247: 1
  248: 3
  251: 1
  254: 1
  257: 1
  258: 2
  260: 1
  263: 1
  266: 2
  268: 1
  274: 1
  280: 1
  282: 1
  287: 1
  291: 1
  293: 1
  297: 1
  299: 1
  302: 1
  305: 1
  306: 1
  309: 1
  310: 1
  314: 1
  324: 1
  331: 2
  336: 2
  341: 1
  344: 2
  349: 1
  353: 1
  362: 1
  377: 1
  385: 1
  396: 1
  502: 1
  551: 1
  553: 2
  556: 1
  585: 1
  641: 1
  653: 1
  701: 1
  733: 1
  745: 1
  762: 1
  867: 1
  914: 1
  929: 1
  1007: 1
  1027: 1
  1113: 1
  1339: 1
  1442: 1
  1485: 1
  1572: 1
  1574: 1
  1630: 1
  1826: 1
  1862: 1
  2303: 1
  2364: 1
  2752: 1
  3144: 1
  4165: 1
  5205: 1
  6167: 1
  8002: 1
  10696: 1
  12276: 1
hist trap_rdcycle_units bucket=150 (n=392):
  2100-2249: 61
  2250-2399: 154
  2400-2549: 40
  2550-2699: 11
  2700-2849: 9
  2850-2999: 13
  3000-3149: 5
  3150-3299: 11
  3300-3449: 9
  3450-3599: 5
  3600-3749: 7
  3750-3899: 4
  3900-4049: 7
  4050-4199: 8
  4200-4349: 2
  4350-4499: 5
  4500-4649: 8
  4650-4799: 2
  4800-4949: 3
  4950-5099: 6
  5250-5399: 3
  5400-5549: 3
  5550-5699: 4
  5700-5849: 2
  6000-6149: 1
  6450-6599: 1
  7050-7199: 1
  9150-9299: 2
  9750-9899: 1
  10200-10349: 1
  13500-13649: 1
  16200-16349: 1
  17250-17399: 1
--- spin baseline ---
  FAIL: interrupt already pending at trial start
spin: mepc_before at_wfi=0 after_wfi=0 other=0
wake_to_resume_ticks : min=126 p50=139 max=48188 mean=2181
wake_to_entry_ticks  : min=109 p50=121 max=48101 mean=2160
entry_to_resume_ticks: min=16 p50=18 max=124 mean=21
trap_rdcycle_units   : min=2145 p50=2325 max=17685 mean=2803
hist wake_to_resume_ticks (n=392):
  126: 1
  127: 4
  128: 7
  129: 12
  130: 18
  131: 21
  132: 14
  133: 10
  134: 12
  135: 24
  136: 20
  137: 30
  138: 16
  139: 15
  140: 14
  141: 4
  142: 4
  143: 11
  144: 7
  145: 8
  146: 3
  147: 7
  148: 4
  149: 4
  150: 4
  151: 1
  152: 2
  153: 1
  155: 3
  156: 1
  160: 1
  170: 1
  172: 1
  174: 1
  176: 1
  177: 1
  178: 1
  185: 1
  199: 1
  201: 1
  204: 2
  208: 1
  209: 1
  210: 1
  211: 1
  213: 1
  217: 1
  220: 1
  224: 1
  226: 1
  227: 1
  228: 1
  233: 1
  235: 1
  242: 1
  263: 1
  285: 1
  296: 1
  310: 1
  344: 1
  347: 1
  386: 1
  407: 1
  443: 1
  459: 1
  465: 1
  500: 1
  512: 1
  521: 1
  571: 1
  573: 1
  619: 1
  621: 1
  624: 1
  739: 1
  744: 1
  863: 1
  869: 1
  894: 1
  1067: 1
  1115: 1
  1134: 1
  1181: 1
  1774: 1
  1828: 1
  2048: 1
  2522: 1
  2994: 1
  3449: 1
  3578: 1
  3926: 1
  5218: 1
  6144: 1
  7304: 1
  7504: 1
  7604: 1
  7747: 1
  7951: 1
  8460: 1
  9365: 1
  9738: 1
  10167: 1
  10625: 1
  11984: 1
  12446: 1
  12723: 1
  12952: 1
  13866: 1
  13900: 1
  13956: 1
  14170: 1
  14733: 1
  14941: 1
  15134: 1
  15197: 1
  15388: 1
  15866: 1
  15875: 1
  15891: 1
  15956: 1
  16885: 1
  18078: 1
  18529: 1
  18939: 1
  19020: 1
  19644: 1
  19661: 1
  19757: 1
  19841: 1
  19954: 1
  20440: 1
  20634: 1
  21402: 1
  21744: 1
  21919: 1
  23750: 1
  24140: 1
  36556: 1
  48188: 1
hist trap_rdcycle_units bucket=150 (n=392):
  2100-2249: 78
  2250-2399: 187
  2400-2549: 44
  2550-2699: 15
  2700-2849: 14
  2850-2999: 4
  3000-3149: 4
  3150-3299: 6
  3300-3449: 1
  3450-3599: 2
  3600-3749: 2
  3750-3899: 2
  3900-4049: 2
  4050-4199: 1
  4200-4349: 1
  4350-4499: 2
  4500-4649: 2
  4800-4949: 2
  4950-5099: 2
  5100-5249: 1
  5250-5399: 1
  5400-5549: 1
  5850-5999: 1
  6150-6299: 2
  6450-6599: 1
  6600-6749: 1
  7050-7199: 1
  8100-8249: 2
  8400-8549: 1
  9600-9749: 1
  10650-10799: 1
  10950-11099: 1
  11250-11399: 1
  11400-11549: 1
  11550-11699: 1
  11700-11849: 1
  12900-13049: 1
  17550-17699: 1
RESULT: FAIL (1 checks failed)
done
qemu-system-riscv64: terminating on signal 15 from pid 2982 (timeout)
