wfi-latency: CLINT timer wakeup latency (backlog item 28)
mhartid=0
mtvec=0x800001e4 mscratch=0x800037f0
cal: 10000000 mtime ticks -> rdcycle delta 1497811560 (ratio 149 rdcycle units per tick)
cal: 64 back-to-back (rdcycle, mtime) pairs monotonic: ok
trials: 400 wfi + 400 spin, mtimecmp = mtime+20000 ticks, first 8 of each discarded
trap_count=802 (expected 802, arm retries=2)
raw wfi[0]: cmp=0x9967f3 t_pre=0x991bfb c_pre=0x1acfff364db t_entry=0x996a84 c_entry=0x1ad00216615 t_resume=0x997464 c_resume=0x1ad0026ea8b mepc_before=0x80000342 mcause=0x8000000000000007
raw wfi[1]: cmp=0x9a16b7 t_pre=0x99c932 c_pre=0x1ad0058a364 t_entry=0x9a182e c_entry=0x1ad0086da77 t_resume=0x9a185e c_resume=0x1ad0086f28c mepc_before=0x80000342 mcause=0x8000000000000007
raw spin[0]: cmp=0x99c47e t_pre=0x9977b8 c_pre=0x1ad002911da t_entry=0x99c52c c_entry=0x1ad005649b1 t_resume=0x99c72b c_resume=0x1ad00575955 mepc_before=0x80000370 mcause=0x8000000000000007
raw spin[1]: cmp=0x9a668e t_pre=0x9a1919 c_pre=0x1ad00876357 t_entry=0x9a6be2 c_entry=0x1ad00b7d2c6 t_resume=0x9a6c2f c_resume=0x1ad00b7fc6f mepc_before=0x80000370 mcause=0x8000000000000007
--- wfi ---
wfi: mepc_before at_wfi=0 after_wfi=400 other=0
wake_to_resume_ticks : min=183 p50=533 max=29407 mean=1435
wake_to_entry_ticks  : min=165 p50=489 max=29301 mean=1368
entry_to_resume_ticks: min=18 p50=41 max=2954 mean=66
trap_rdcycle_units   : min=2325 p50=5460 max=440010 mean=9038
hist wake_to_resume_ticks (n=392):
  183: 1
  194: 1
  199: 1
  204: 3
  206: 1
  208: 1
  211: 1
  213: 1
  224: 1
  231: 1
  234: 1
  235: 1
  240: 1
  242: 2
  246: 1
  251: 1
  252: 1
  254: 1
  256: 1
  257: 2
  259: 2
  260: 1
  262: 3
  268: 1
  269: 2
  270: 2
  271: 1
  272: 2
  280: 1
  282: 1
  283: 2
  284: 2
  285: 2
  286: 2
  287: 1
  292: 1
  293: 1
  294: 1
  295: 1
  296: 1
  299: 1
  300: 2
  302: 1
  303: 1
  304: 2
  309: 3
  312: 1
  313: 1
  316: 2
  317: 2
  318: 1
  319: 1
  320: 1
  323: 1
  325: 1
  328: 1
  330: 1
  332: 2
  335: 2
  336: 2
  338: 2
  340: 1
  343: 1
  346: 1
  347: 1
  349: 1
  355: 2
  356: 1
  357: 1
  364: 2
  366: 1
  367: 1
  368: 1
  378: 2
  379: 2
  380: 1
  390: 1
  391: 1
  394: 1
  395: 1
  400: 1
  402: 1
  405: 1
  406: 1
  408: 1
  409: 1
  411: 1
  412: 1
  416: 1
  417: 2
  432: 1
  433: 1
  436: 1
  438: 1
  439: 1
  443: 1
  445: 1
  453: 1
  454: 1
  455: 2
  459: 1
  462: 1
  464: 1
  466: 1
  468: 1
  473: 3
  475: 2
  476: 1
  477: 2
  479: 3
  480: 1
  481: 1
  482: 1
  489: 2
  490: 1
  491: 2
  492: 1
  493: 2
  495: 2
  496: 2
  499: 4
  500: 3
  501: 1
  504: 1
  505: 2
  507: 1
  509: 1
  512: 1
  513: 1
  515: 1
  517: 3
  518: 2
  523: 3
  525: 1
  526: 2
  527: 2
  529: 1
  530: 1
  531: 2
  532: 1
  533: 2
  535: 2
  536: 2
  537: 1
  538: 1
  539: 1
  540: 1
  543: 2
  545: 1
  546: 3
  547: 2
  548: 1
  549: 1
  550: 1
  551: 1
  554: 1
  555: 1
  558: 1
  559: 1
  560: 1
  563: 3
  564: 3
  568: 3
  570: 1
  571: 2
  573: 1
  574: 1
  578: 2
  580: 3
  585: 1
  586: 2
  593: 1
  595: 1
  596: 1
  599: 1
  600: 2
  601: 2
  605: 1
  607: 2
  610: 1
  615: 1
  618: 3
  622: 1
  624: 1
  625: 1
  626: 1
  630: 1
  632: 1
  636: 1
  637: 1
  640: 1
  654: 1
  657: 1
  663: 1
  680: 1
  696: 1
  703: 2
  707: 1
  708: 1
  723: 1
  724: 1
  728: 1
  731: 1
  733: 1
  737: 1
  739: 1
  749: 1
  758: 1
  764: 1
  766: 1
  768: 1
  775: 1
  784: 1
  799: 1
  806: 1
  809: 1
  815: 1
  825: 1
  859: 1
  861: 1
  867: 1
  870: 1
  871: 1
  877: 1
  879: 1
  882: 2
  892: 1
  900: 1
  901: 1
  923: 1
  934: 1
  943: 1
  946: 1
  986: 1
  1001: 1
  1007: 1
  1035: 1
  1050: 1
  1063: 1
  1070: 1
  1074: 1
  1085: 1
  1087: 1
  1104: 1
  1107: 1
  1139: 1
  1235: 1
  1263: 1
  1291: 1
  1353: 1
  1382: 1
  1383: 1
  1397: 1
  1483: 1
  1538: 1
  1578: 1
  1602: 1
  1613: 1
  1657: 1
  1891: 1
  1978: 1
  2225: 1
  2318: 1
  2523: 1
  2622: 1
  2882: 1
  2894: 1
  2950: 1
  2961: 1
  3143: 1
  3230: 1
  3403: 1
  3605: 1
  3656: 1
  3850: 1
  3985: 1
  4209: 1
  4229: 1
  4265: 1
  4325: 1
  4414: 1
  4444: 1
  4491: 1
  4660: 1
  4663: 1
  4931: 1
  5549: 1
  5789: 1
  5905: 1
  6552: 1
  6743: 1
  6887: 1
  7162: 1
  7542: 1
  8131: 1
  8223: 1
  8390: 1
  8576: 1
  9021: 1
  9404: 1
  9685: 1
  9776: 1
  10071: 1
  11417: 1
  12345: 1
  12533: 1
  12644: 1
  16312: 1
  16971: 1
  19079: 1
  19705: 1
  29407: 1
hist trap_rdcycle_units bucket=150 (n=392):
  2250-2399: 2
  2400-2549: 11
  2550-2699: 14
  2700-2849: 11
  2850-2999: 12
  3000-3149: 26
  3150-3299: 27
  3300-3449: 19
  3450-3599: 12
  3600-3749: 9
  3750-3899: 4
  3900-4049: 5
  4050-4199: 5
  4200-4349: 3
  4350-4499: 5
  4500-4649: 8
  4650-4799: 5
  4800-4949: 6
  4950-5099: 5
  5100-5249: 3
  5400-5549: 9
  5550-5699: 4
  5700-5849: 1
  5850-5999: 3
  6000-6149: 3
  6150-6299: 2
  6300-6449: 2
  6450-6599: 4
  6600-6749: 1
  6750-6899: 3
  6900-7049: 4
  7050-7199: 3
  7200-7349: 1
  7500-7649: 4
  7650-7799: 2
  7800-7949: 3
  7950-8099: 3
  8100-8249: 2
  8250-8399: 3
  8400-8549: 3
  8550-8699: 2
  8700-8849: 1
  8850-8999: 1
  9150-9299: 2
  9300-9449: 1
  9450-9599: 1
  9600-9749: 3
  9750-9899: 3
  9900-10049: 1
  10050-10199: 2
  10200-10349: 4
  10350-10499: 5
  10500-10649: 2
  10800-10949: 3
  10950-11099: 5
  11100-11249: 3
  11250-11399: 2
  11400-11549: 3
  11550-11699: 1
  11700-11849: 2
  11850-11999: 4
  12000-12149: 2
  12150-12299: 1
  12300-12449: 4
  12450-12599: 3
  12600-12749: 5
  12750-12899: 4
  12900-13049: 2
  13050-13199: 2
  13200-13349: 2
  13350-13499: 3
  13500-13649: 6
  13650-13799: 2
  13800-13949: 2
  13950-14099: 1
  14100-14249: 4
  14250-14399: 1
  14400-14549: 1
  14550-14699: 1
  14700-14849: 2
  14850-14999: 1
  15000-15149: 1
  15150-15299: 5
  15300-15449: 1
  15750-15899: 1
  15900-16049: 2
  16050-16199: 3
  16200-16349: 2
  16500-16649: 2
  16650-16799: 4
  17100-17249: 2
  17250-17399: 1
  17400-17549: 2
  17550-17699: 2
  17850-17999: 1
  18450-18599: 1
  19950-20099: 1
  22950-23099: 1
  25800-25949: 1
  28500-28649: 1
  34200-34349: 1
  37350-37499: 1
  40350-40499: 1
  41400-41549: 1
  102900-103049: 1
  439950-440099: 1
--- spin baseline ---
spin: mepc_before at_wfi=0 after_wfi=0 other=0
wake_to_resume_ticks : min=145 p50=307 max=107300 mean=3549
wake_to_entry_ticks  : min=125 p50=282 max=107158 mean=3507
entry_to_resume_ticks: min=18 p50=29 max=328 mean=41
trap_rdcycle_units   : min=2370 p50=3780 max=47355 mean=5672
hist wake_to_resume_ticks (n=392):
  145: 1
  146: 1
  150: 1
  152: 2
  160: 1
  164: 2
  166: 2
  167: 1
  168: 2
  169: 1
  170: 2
  171: 1
  172: 2
  173: 2
  174: 1
  175: 2
  176: 1
  177: 5
  178: 2
  179: 3
  180: 2
  182: 2
  183: 1
  185: 1
  188: 2
  189: 2
  190: 3
  191: 4
  192: 1
  193: 2
  196: 2
  197: 1
  198: 3
  199: 3
  200: 3
  202: 1
  203: 2
  204: 3
  205: 2
  206: 1
  207: 2
  208: 4
  211: 2
  212: 1
  213: 1
  214: 1
  215: 5
  216: 1
  217: 1
  218: 1
  220: 1
  221: 1
  222: 1
  223: 2
  226: 1
  227: 1
  228: 1
  229: 2
  232: 3
  233: 2
  234: 1
  235: 2
  236: 1
  238: 1
  239: 1
  240: 2
  241: 1
  242: 1
  245: 1
  247: 1
  248: 1
  249: 1
  250: 4
  251: 2
  252: 1
  253: 3
  254: 3
  255: 2
  256: 1
  257: 2
  258: 2
  259: 2
  260: 1
  261: 4
  262: 3
  263: 1
  264: 1
  266: 2
  267: 1
  269: 1
  270: 2
  272: 1
  273: 1
  274: 1
  275: 3
  276: 1
  278: 2
  279: 1
  284: 1
  285: 1
  286: 1
  287: 3
  288: 3
  289: 1
  291: 1
  293: 2
  294: 1
  295: 1
  296: 2
  297: 1
  301: 1
  303: 2
  305: 1
  306: 2
  307: 1
  308: 1
  310: 1
  312: 1
  313: 1
  317: 1
  318: 1
  319: 2
  320: 2
  326: 1
  331: 1
  333: 1
  336: 1
  337: 1
  345: 1
  358: 1
  361: 1
  365: 1
  373: 1
  377: 1
  384: 1
  385: 1
  387: 1
  392: 2
  395: 1
  397: 1
  405: 1
  412: 1
  418: 1
  420: 2
  427: 1
  428: 1
  439: 1
  445: 1
  446: 1
  447: 1
  452: 2
  465: 1
  468: 1
  477: 1
  481: 1
  488: 1
  501: 1
  502: 1
  521: 1
  536: 1
  537: 1
  548: 1
  549: 1
  552: 1
  561: 1
  580: 2
  588: 1
  591: 1
  620: 1
  638: 1
  695: 1
  720: 1
  733: 1
  778: 1
  784: 1
  815: 1
  821: 1
  828: 1
  829: 1
  843: 1
  861: 1
  864: 1
  879: 1
  880: 1
  902: 1
  905: 1
  910: 1
  916: 1
  928: 1
  954: 1
  959: 1
  975: 1
  987: 1
  1045: 1
  1067: 1
  1073: 1
  1076: 1
  1089: 1
  1195: 1
  1243: 1
  1248: 1
  1279: 1
  1282: 1
  1295: 1
  1321: 1
  1410: 1
  1432: 1
  1549: 1
  1594: 1
  1655: 1
  1686: 1
  1788: 1
  1800: 1
  1929: 1
  1931: 1
  2212: 1
  2235: 1
  2454: 1
  2490: 1
  2517: 1
  2557: 1
  2698: 1
  2842: 1
  2909: 1
  2926: 1
  2956: 1
  2982: 1
  3055: 1
  3162: 1
  3302: 1
  3319: 1
  3452: 1
  4049: 1
  4131: 1
  4256: 1
  4654: 1
  4656: 1
  5162: 1
  5322: 1
  5571: 1
  5596: 1
  6201: 1
  6387: 1
  6532: 1
  6725: 1
  7414: 1
  7624: 1
  7649: 1
  8071: 1
  8191: 1
  8248: 1
  8403: 1
  8543: 1
  8590: 1
  9020: 1
  9107: 1
  9178: 1
  9184: 1
  9619: 1
  9635: 1
  9693: 1
  9811: 1
  9878: 1
  9880: 1
  10303: 1
  10346: 1
  10349: 1
  10559: 1
  10812: 1
  10948: 1
  10968: 1
  11025: 1
  11399: 1
  12389: 1
  14678: 1
  15550: 1
  15950: 1
  16311: 1
  16434: 1
  16487: 1
  16692: 1
  16962: 1
  17073: 1
  18030: 1
  18038: 1
  18143: 1
  18268: 1
  18636: 1
  19031: 1
  19217: 1
  19962: 1
  24731: 1
  25967: 1
  28840: 1
  30037: 1
  33446: 1
  34926: 1
  34954: 1
  35190: 1
  38400: 1
  41138: 1
  65933: 1
  79305: 1
  107300: 1
hist trap_rdcycle_units bucket=150 (n=392):
  2250-2399: 2
  2400-2549: 22
  2550-2699: 21
  2700-2849: 29
  2850-2999: 29
  3000-3149: 25
  3150-3299: 22
  3300-3449: 17
  3450-3599: 11
  3600-3749: 15
  3750-3899: 10
  3900-4049: 12
  4050-4199: 7
  4200-4349: 9
  4350-4499: 10
  4500-4649: 7
  4650-4799: 9
  4800-4949: 10
  4950-5099: 5
  5100-5249: 5
  5250-5399: 2
  5400-5549: 3
  5550-5699: 4
  5700-5849: 1
  5850-5999: 2
  6000-6149: 6
  6150-6299: 4
  6300-6449: 5
  6450-6599: 2
  6600-6749: 2
  6750-6899: 3
  6900-7049: 4
  7050-7199: 2
  7200-7349: 5
  7350-7499: 3
  7500-7649: 1
  7650-7799: 1
  7800-7949: 2
  7950-8099: 1
  8100-8249: 1
  8550-8699: 4
  8700-8849: 1
  8850-8999: 2
  9000-9149: 2
  9150-9299: 3
  9300-9449: 2
  9600-9749: 2
  9750-9899: 1
  9900-10049: 2
  10200-10349: 1
  10500-10649: 2
  11250-11399: 3
  11400-11549: 1
  11850-11999: 1
  12000-12149: 2
  12300-12449: 1
  12750-12899: 1
  13200-13349: 2
  13350-13499: 1
  13500-13649: 1
  13650-13799: 1
  13950-14099: 1
  14250-14399: 1
  14700-14849: 1
  15450-15599: 1
  15600-15749: 1
  15750-15899: 2
  16200-16349: 3
  16500-16649: 1
  17100-17249: 1
  17400-17549: 2
  17700-17849: 1
  17850-17999: 1
  19500-19649: 1
  19950-20099: 1
  22500-22649: 1
  23400-23549: 1
  24600-24749: 1
  37950-38099: 1
  40950-41099: 1
  44850-44999: 1
  47250-47399: 1
RESULT: PASS
done
qemu-system-riscv64: terminating on signal 15 from pid 8583 (timeout)
