wfi-latency: CLINT timer wakeup latency (backlog item 28)
mhartid=0
mtvec=0x800001e4 mscratch=0x800037f0
cal: 10000000 mtime ticks -> rdcycle delta 1497833205 (ratio 149 rdcycle units per tick)
cal: 64 back-to-back (rdcycle, mtime) pairs monotonic: ok
trials: 400 wfi + 400 spin, mtimecmp = mtime+20000 ticks, first 8 of each discarded
trap_count=800 (expected 800, arm retries=0)
raw wfi[0]: cmp=0x997426 t_pre=0x99277c c_pre=0x1d6d6fad436 t_entry=0x997851 c_entry=0x1d6d72a2876 t_resume=0x99826e c_resume=0x1d6d72fd26c mepc_before=0x80000342 mcause=0x8000000000000007
raw wfi[1]: cmp=0x9a2518 t_pre=0x99d72e c_pre=0x1d6d7618569 t_entry=0x9a29af c_entry=0x1d6d791ca12 t_resume=0x9a29cc c_resume=0x1d6d791d840 mepc_before=0x80000342 mcause=0x8000000000000007
raw spin[0]: cmp=0x99d28b t_pre=0x998529 c_pre=0x1d6d731a1b9 t_entry=0x99d359 c_entry=0x1d6d75f476d t_resume=0x99d595 c_resume=0x1d6d7607ba1 mepc_before=0x80000370 mcause=0x8000000000000007
raw spin[1]: cmp=0x9a77f6 t_pre=0x9a2a0e c_pre=0x1d6d79201cb t_entry=0x9a7add c_entry=0x1d6d7c148af t_resume=0x9a7af7 c_resume=0x1d6d7c15593 mepc_before=0x80000370 mcause=0x8000000000000007
--- wfi ---
wfi: mepc_before at_wfi=0 after_wfi=400 other=0
wake_to_resume_ticks : min=201 p50=452 max=16758 mean=730
wake_to_entry_ticks  : min=182 p50=422 max=16644 mean=689
entry_to_resume_ticks: min=18 p50=23 max=228 mean=40
trap_rdcycle_units   : min=2355 p50=3075 max=32760 mean=5421
hist wake_to_resume_ticks (n=392):
  201: 1
  209: 1
  214: 1
  216: 1
  224: 1
  226: 2
  230: 1
  236: 1
  243: 1
  245: 1
  247: 1
  248: 1
  251: 1
  252: 1
  255: 1
  258: 2
  260: 1
  261: 2
  267: 1
  272: 3
  280: 2
  281: 1
  282: 1
  283: 1
  284: 1
  286: 1
  289: 3
  290: 2
  291: 1
  292: 1
  295: 2
  298: 1
  304: 1
  308: 1
  311: 1
  314: 1
  324: 1
  334: 1
  335: 1
  337: 3
  338: 3
  339: 1
  340: 1
  341: 1
  345: 1
  348: 1
  349: 1
  351: 1
  353: 1
  356: 3
  358: 1
  361: 1
  362: 2
  363: 1
  364: 1
  366: 2
  367: 1
  369: 2
  370: 1
  371: 1
  372: 1
  374: 1
  375: 1
  376: 2
  379: 1
  380: 3
  382: 1
  383: 1
  384: 3
  386: 2
  387: 2
  388: 2
  389: 2
  391: 1
  392: 2
  393: 1
  396: 3
  397: 4
  398: 3
  399: 1
  400: 1
  401: 3
  402: 2
  403: 1
  404: 4
  407: 2
  408: 3
  409: 1
  412: 1
  413: 2
  414: 3
  415: 4
  416: 2
  417: 1
  418: 1
  419: 1
  421: 2
  423: 1
  424: 2
  425: 1
  426: 4
  427: 3
  428: 2
  429: 3
  430: 1
  431: 3
  432: 1
  434: 1
  435: 2
  438: 1
  440: 1
  441: 2
  443: 2
  444: 2
  445: 2
  447: 3
  448: 4
  449: 1
  450: 1
  451: 3
  452: 4
  453: 4
  454: 1
  455: 3
  457: 2
  458: 1
  459: 3
  460: 4
  461: 2
  462: 2
  463: 3
  464: 3
  467: 1
  468: 2
  469: 2
  470: 2
  471: 4
  472: 2
  473: 2
  474: 2
  475: 1
  478: 1
  479: 1
  481: 1
  484: 1
  487: 1
  488: 2
  491: 2
  494: 1
  496: 2
  497: 2
  499: 3
  501: 1
  502: 2
  503: 1
  504: 1
  505: 1
  506: 1
  507: 1
  509: 1
  515: 1
  516: 1
  518: 2
  520: 1
  521: 1
  522: 1
  523: 1
  525: 2
  530: 2
  532: 1
  533: 1
  534: 1
  535: 1
  540: 2
  543: 1
  545: 1
  546: 1
  550: 1
  551: 1
  552: 1
  553: 1
  555: 1
  557: 1
  559: 2
  562: 1
  564: 1
  574: 1
  577: 1
  579: 1
  580: 2
  581: 1
  586: 1
  588: 1
  589: 1
  591: 1
  597: 1
  605: 1
  607: 1
  611: 2
  612: 1
  614: 1
  620: 1
  622: 2
  624: 2
  627: 1
  629: 1
  632: 1
  634: 1
  646: 1
  652: 1
  656: 1
  657: 1
  665: 1
  671: 1
  677: 1
  682: 1
  697: 1
  700: 1
  709: 1
  717: 1
  721: 1
  739: 1
  743: 1
  754: 1
  766: 1
  783: 1
  784: 1
  801: 1
  806: 2
  813: 1
  821: 1
  822: 1
  824: 1
  830: 1
  834: 1
  835: 1
  851: 2
  856: 1
  863: 1
  872: 1
  873: 1
  881: 1
  899: 1
  920: 1
  931: 1
  957: 1
  990: 1
  1044: 1
  1064: 1
  1153: 1
  1322: 1
  1434: 1
  1449: 1
  2018: 1
  2060: 1
  2095: 1
  2256: 1
  3277: 1
  4165: 1
  4683: 1
  4915: 1
  6263: 1
  7272: 1
  9593: 1
  9619: 1
  10120: 1
  10156: 1
  10510: 1
  16758: 1
hist trap_rdcycle_units bucket=150 (n=392):
  2250-2399: 6
  2400-2549: 88
  2550-2699: 52
  2700-2849: 30
  2850-2999: 14
  3000-3149: 13
  3150-3299: 9
  3300-3449: 4
  3450-3599: 12
  3600-3749: 3
  3900-4049: 7
  4050-4199: 7
  4200-4349: 2
  4350-4499: 4
  4500-4649: 4
  4650-4799: 5
  4800-4949: 3
  4950-5099: 5
  5100-5249: 2
  5250-5399: 2
  5400-5549: 1
  5550-5699: 2
  5700-5849: 1
  5850-5999: 1
  6000-6149: 3
  6150-6299: 1
  6450-6599: 2
  6600-6749: 1
  6750-6899: 2
  6900-7049: 3
  7200-7349: 5
  7350-7499: 1
  7500-7649: 2
  7650-7799: 6
  7800-7949: 3
  7950-8099: 1
  8100-8249: 3
  8250-8399: 1
  8400-8549: 3
  8550-8699: 2
  8700-8849: 1
  8850-8999: 4
  9000-9149: 1
  9150-9299: 3
  9300-9449: 3
  9450-9599: 4
  9600-9749: 2
  9750-9899: 1
  9900-10049: 1
  10050-10199: 1
  10200-10349: 1
  10350-10499: 1
  10800-10949: 1
  10950-11099: 1
  11100-11249: 2
  11250-11399: 1
  11400-11549: 1
  11550-11699: 3
  11850-11999: 1
  12000-12149: 1
  12150-12299: 1
  12300-12449: 1
  12450-12599: 1
  12750-12899: 2
  13050-13199: 4
  13200-13349: 2
  13500-13649: 1
  13650-13799: 1
  13800-13949: 1
  13950-14099: 1
  14100-14249: 5
  14250-14399: 2
  14400-14549: 1
  14550-14699: 1
  15000-15149: 2
  15150-15299: 1
  15900-16049: 1
  16050-16199: 1
  16200-16349: 1
  16500-16649: 1
  16800-16949: 1
  16950-17099: 2
  17100-17249: 2
  17250-17399: 1
  17400-17549: 1
  18000-18149: 1
  18300-18449: 1
  24750-24899: 1
  32700-32849: 1
--- spin baseline ---
spin: mepc_before at_wfi=0 after_wfi=0 other=0
wake_to_resume_ticks : min=159 p50=312 max=24776 mean=1750
wake_to_entry_ticks  : min=140 p50=291 max=24683 mean=1722
entry_to_resume_ticks: min=17 p50=20 max=192 mean=27
trap_rdcycle_units   : min=2280 p50=2670 max=28260 mean=3691
hist wake_to_resume_ticks (n=392):
  159: 1
  162: 1
  164: 1
  167: 2
  170: 1
  172: 1
  173: 1
  175: 1
  176: 1
  177: 3
  179: 2
  180: 2
  182: 2
  186: 2
  187: 2
  188: 1
  191: 3
  194: 2
  196: 2
  198: 1
  199: 1
  200: 2
  201: 1
  203: 1
  204: 4
  206: 3
  208: 2
  210: 1
  211: 1
  213: 1
  214: 1
  217: 1
  218: 2
  219: 1
  220: 3
  221: 1
  222: 2
  227: 1
  228: 1
  229: 2
  230: 1
  234: 2
  236: 2
  237: 2
  238: 1
  240: 2
  241: 1
  242: 3
  243: 2
  244: 1
  245: 1
  247: 1
  248: 1
  249: 2
  250: 2
  251: 1
  253: 1
  255: 1
  256: 1
  258: 2
  259: 4
  260: 4
  261: 1
  262: 4
  263: 2
  265: 1
  266: 2
  267: 2
  268: 2
  269: 3
  270: 1
  271: 2
  272: 1
  273: 2
  274: 2
  275: 6
  276: 1
  277: 1
  278: 1
  279: 2
  280: 3
  281: 1
  283: 4
  284: 3
  285: 1
  286: 3
  287: 4
  288: 4
  289: 1
  291: 1
  294: 2
  295: 1
  296: 3
  297: 1
  298: 2
  299: 1
  300: 2
  301: 3
  303: 2
  304: 5
  305: 2
  306: 2
  307: 1
  308: 3
  309: 1
  310: 1
  311: 1
  312: 3
  313: 1
  314: 2
  315: 2
  316: 3
  317: 1
  318: 1
  319: 3
  320: 2
  321: 2
  322: 1
  323: 1
  325: 4
  326: 1
  331: 1
  332: 1
  333: 1
  334: 1
  335: 2
  336: 1
  337: 1
  338: 2
  339: 2
  340: 1
  341: 1
  342: 1
  343: 3
  348: 1
  350: 1
  356: 2
  362: 1
  364: 1
  368: 1
  372: 1
  374: 1
  375: 1
  381: 1
  386: 1
  388: 1
  389: 1
  390: 1
  396: 1
  408: 1
  410: 1
  411: 1
  435: 1
  443: 1
  459: 1
  471: 2
  480: 1
  487: 1
  497: 1
  506: 1
  509: 1
  513: 1
  530: 1
  544: 1
  546: 2
  550: 2
  568: 2
  593: 1
  603: 1
  613: 1
  626: 2
  627: 1
  628: 1
  642: 1
  707: 1
  714: 1
  716: 1
  721: 1
  728: 1
  732: 1
  751: 1
  774: 1
  779: 1
  804: 1
  806: 1
  808: 1
  819: 1
  838: 1
  854: 1
  857: 1
  871: 1
  887: 1
  953: 1
  968: 1
  1039: 1
  1046: 1
  1087: 1
  1159: 1
  1176: 1
  1249: 1
  1374: 1
  1451: 1
  1457: 1
  1489: 1
  1512: 1
  1532: 1
  1660: 1
  1725: 1
  1728: 1
  1799: 1
  1861: 1
  1913: 1
  1918: 1
  1998: 1
  2070: 1
  2256: 1
  2294: 1
  2419: 1
  2437: 1
  2449: 1
  2611: 1
  2673: 1
  2763: 1
  2856: 1
  2952: 1
  3139: 1
  3171: 1
  3193: 1
  3271: 1
  3399: 1
  3519: 1
  3582: 1
  4175: 1
  4570: 1
  4660: 1
  4918: 1
  5330: 1
  5345: 1
  5359: 1
  5384: 1
  5649: 1
  5658: 1
  6067: 1
  6180: 1
  6632: 1
  7263: 1
  7501: 1
  7831: 1
  7867: 1
  8136: 1
  8643: 1
  8708: 1
  9049: 1
  9096: 1
  9156: 1
  9304: 1
  9435: 1
  9480: 1
  9503: 1
  9601: 1
  9639: 1
  9717: 2
  9748: 1
  9786: 1
  10601: 1
  11222: 1
  12671: 1
  15312: 1
  15499: 1
  16401: 1
  19262: 1
  19856: 1
  19924: 1
  20178: 1
  21780: 1
  22721: 1
  24303: 1
  24776: 1
hist trap_rdcycle_units bucket=150 (n=392):
  2250-2399: 53
  2400-2549: 99
  2550-2699: 49
  2700-2849: 23
  2850-2999: 12
  3000-3149: 11
  3150-3299: 13
  3300-3449: 7
  3450-3599: 10
  3600-3749: 8
  3750-3899: 7
  3900-4049: 5
  4050-4199: 14
  4200-4349: 8
  4350-4499: 7
  4500-4649: 7
  4650-4799: 5
  4800-4949: 7
  4950-5099: 2
  5100-5249: 2
  5250-5399: 6
  5400-5549: 2
  5550-5699: 2
  5700-5849: 2
  6000-6149: 1
  6150-6299: 1
  6600-6749: 1
  7050-7199: 1
  7500-7649: 1
  7650-7799: 1
  7800-7949: 1
  8400-8549: 1
  8700-8849: 1
  8850-8999: 2
  9000-9149: 1
  9150-9299: 1
  9600-9749: 1
  9900-10049: 1
  10050-10199: 1
  10350-10499: 2
  10500-10649: 1
  11550-11699: 2
  11700-11849: 1
  12450-12599: 1
  13350-13499: 1
  13800-13949: 1
  14550-14699: 2
  14700-14849: 1
  16500-16649: 1
  17250-17399: 1
  28200-28349: 1
RESULT: PASS
done
qemu-system-riscv64: terminating on signal 15 from pid 8923 (timeout)
