wfi-latency: CLINT timer wakeup latency (backlog item 28)
mhartid=0
mtvec=0x800001e4 mscratch=0x800036a0
cal: 10000000 mtime ticks -> rdcycle delta 1501396740 (ratio 149 rdcycle units per tick)
cal: 64 back-to-back (rdcycle, mtime) pairs monotonic: ok
trials: 400 wfi + 400 spin, mtimecmp = mtime+2000 ticks, first 8 of each discarded
trap_count=800 (expected 800)
raw wfi[0]: cmp=0x9a09b7 t_pre=0x9a234c c_pre=0x5ba0dc1d46 t_entry=0x9a6ff2 c_entry=0x5ba0dcdea2 t_resume=0x9a79f3 c_resume=0x5ba0e264ad mepc_before=0x80000336 mcause=0x8000000000000007
raw wfi[1]: cmp=0x9ac9b2 t_pre=0x9b0cb5 c_pre=0x5ba1386010 t_entry=0x9b0cd2 c_entry=0x5ba1386f5b t_resume=0x9b0d25 c_resume=0x5ba1389ce2 mepc_before=0x80000336 mcause=0x8000000000000007
raw spin[0]: cmp=0x9a82be t_pre=0x9abe39 c_pre=0x5ba10a996e t_entry=0x9abeb9 c_entry=0x5ba10abd1d t_resume=0x9ac0b1 c_resume=0x5ba10bc83e mepc_before=0x80000368 mcause=0x8000000000000007
raw spin[1]: cmp=0x9b1509 t_pre=0x9b0df5 c_pre=0x5ba1391857 t_entry=0x9b5980 c_entry=0x5ba1654b25 t_resume=0x9b59a7 c_resume=0x5ba1655ec6 mepc_before=0x80000368 mcause=0x8000000000000007
--- wfi ---
  FAIL: interrupt already pending at trial start
  FAIL: interrupt already pending at trial start
  FAIL: interrupt already pending at trial start
  FAIL: interrupt already pending at trial start
  FAIL: interrupt already pending at trial start
wfi: mepc_before at_wfi=4 after_wfi=396 other=0
wake_to_resume_ticks : min=148 p50=290 max=335517 mean=3146
wake_to_entry_ticks  : min=120 p50=264 max=335298 mean=3113
entry_to_resume_ticks: min=17 p50=24 max=279 mean=33
trap_rdcycle_units   : min=2070 p50=3075 max=33765 mean=4166
hist wake_to_resume_ticks (n=392):
  148: 1
  149: 1
  150: 2
  151: 1
  152: 6
  153: 8
  154: 5
  155: 5
  156: 4
  157: 7
  158: 5
  159: 1
  160: 3
  162: 1
  163: 3
  164: 2
  165: 1
  166: 1
  167: 1
  168: 1
  169: 1
  172: 1
  173: 2
  174: 5
  175: 2
  176: 1
  177: 3
  178: 1
  181: 2
  182: 2
  183: 1
  188: 1
  189: 1
  190: 2
  191: 1
  192: 1
  193: 1
  197: 1
  200: 3
  201: 1
  207: 1
  208: 1
  211: 1
  212: 1
  213: 1
  216: 1
  217: 1
  218: 1
  219: 1
  220: 3
  221: 2
  222: 1
  224: 1
  225: 1
  230: 2
  231: 2
  233: 1
  234: 1
  235: 3
  236: 1
  237: 2
  238: 1
  240: 2
  241: 1
  242: 1
  243: 2
  244: 3
  246: 3
  247: 1
  248: 1
  249: 2
  250: 2
  251: 1
  252: 1
  253: 2
  255: 2
  256: 1
  257: 1
  258: 2
  259: 2
  260: 2
  261: 1
  262: 2
  263: 2
  264: 3
  266: 1
  268: 3
  269: 1
  270: 3
  271: 1
  272: 5
  274: 1
  275: 1
  279: 1
  280: 3
  282: 1
  283: 2
  284: 3
  285: 1
  287: 1
  288: 1
  289: 3
  290: 5
  291: 2
  292: 1
  293: 1
  294: 3
  295: 1
  298: 1
  299: 3
  301: 1
  302: 1
  305: 2
  306: 2
  308: 2
  310: 2
  311: 2
  312: 2
  313: 1
  317: 3
  322: 2
  323: 1
  324: 2
  326: 1
  327: 1
  329: 1
  331: 1
  332: 2
  333: 1
  335: 3
  343: 3
  344: 1
  347: 1
  349: 1
  350: 3
  352: 1
  354: 3
  356: 1
  357: 2
  358: 1
  359: 1
  360: 1
  367: 2
  369: 1
  370: 1
  378: 1
  388: 1
  391: 1
  395: 2
  398: 1
  404: 1
  413: 2
  415: 1
  419: 1
  422: 1
  431: 1
  446: 1
  457: 1
  463: 1
  471: 1
  485: 1
  487: 1
  500: 1
  519: 2
  521: 1
  525: 1
  547: 1
  553: 1
  558: 2
  565: 1
  573: 1
  588: 1
  592: 1
  605: 1
  627: 1
  628: 1
  637: 1
  648: 1
  668: 1
  680: 1
  687: 1
  728: 1
  739: 1
  744: 1
  749: 1
  761: 1
  771: 1
  780: 1
  785: 1
  804: 1
  835: 1
  841: 1
  945: 1
  953: 1
  963: 1
  999: 1
  1056: 1
  1116: 1
  1139: 1
  1153: 1
  1166: 1
  1167: 1
  1259: 1
  1285: 1
  1289: 1
  1292: 1
  1313: 1
  1358: 1
  1476: 1
  1492: 1
  1575: 1
  1613: 1
  1820: 1
  1841: 1
  1843: 1
  1915: 1
  1922: 1
  1945: 1
  1946: 1
  2043: 1
  2147: 1
  2408: 1
  2453: 1
  2516: 1
  2825: 1
  2833: 1
  2847: 1
  2957: 1
  3030: 1
  3196: 1
  3205: 1
  3450: 1
  3680: 1
  3921: 1
  4393: 1
  4791: 1
  4891: 1
  5235: 1
  5330: 1
  5399: 1
  5403: 1
  6383: 1
  6415: 1
  6459: 1
  6611: 1
  7015: 1
  7091: 1
  7107: 1
  7363: 1
  7708: 1
  7784: 1
  8802: 1
  9832: 1
  10125: 1
  10552: 1
  12927: 1
  13626: 1
  17127: 1
  27187: 1
  30525: 1
  36013: 1
  92501: 1
  100036: 1
  112521: 1
  136007: 1
  335517: 1
hist trap_rdcycle_units bucket=150 (n=392):
  1950-2099: 2
  2100-2249: 58
  2250-2399: 21
  2400-2549: 12
  2550-2699: 11
  2700-2849: 66
  2850-2999: 20
  3000-3149: 18
  3150-3299: 8
  3300-3449: 6
  3450-3599: 9
  3600-3749: 5
  3750-3899: 12
  3900-4049: 12
  4050-4199: 13
  4200-4349: 6
  4350-4499: 12
  4500-4649: 7
  4650-4799: 5
  4800-4949: 11
  4950-5099: 5
  5100-5249: 4
  5250-5399: 3
  5400-5549: 4
  5550-5699: 3
  5700-5849: 7
  5850-5999: 4
  6000-6149: 6
  6150-6299: 3
  6300-6449: 4
  6450-6599: 1
  6600-6749: 1
  6900-7049: 2
  7050-7199: 2
  7350-7499: 1
  7500-7649: 1
  7650-7799: 1
  7800-7949: 1
  8100-8249: 1
  8400-8549: 1
  8550-8699: 1
  8850-8999: 1
  9000-9149: 1
  9300-9449: 1
  9600-9749: 2
  9750-9899: 1
  9900-10049: 1
  10800-10949: 1
  11550-11699: 1
  11850-11999: 1
  12300-12449: 1
  12900-13049: 1
  14100-14249: 1
  15000-15149: 2
  15300-15449: 1
  15750-15899: 1
  16350-16499: 1
  24900-25049: 2
  26700-26849: 1
  33750-33899: 1
--- spin baseline ---
  FAIL: interrupt already pending at trial start
  FAIL: interrupt already pending at trial start
  FAIL: interrupt already pending at trial start
  FAIL: interrupt already pending at trial start
  FAIL: interrupt already pending at trial start
  FAIL: interrupt already pending at trial start
spin: mepc_before at_wfi=0 after_wfi=0 other=0
wake_to_resume_ticks : min=121 p50=247 max=704227 mean=10692
wake_to_entry_ticks  : min=101 p50=213 max=703995 mean=10658
entry_to_resume_ticks: min=16 p50=20 max=314 mean=33
trap_rdcycle_units   : min=2070 p50=2610 max=45555 mean=4436
hist wake_to_resume_ticks (n=392):
  121: 1
  124: 2
  126: 6
  127: 9
  128: 4
  129: 9
  130: 9
  131: 6
  132: 10
  133: 13
  134: 11
  135: 7
  136: 7
  137: 5
  138: 7
  139: 6
  140: 5
  141: 4
  142: 7
  143: 2
  145: 4
  148: 1
  149: 2
  150: 4
  151: 2
  152: 3
  153: 5
  154: 1
  155: 1
  160: 1
  161: 2
  164: 1
  166: 1
  168: 1
  171: 1
  175: 3
  176: 2
  178: 1
  180: 1
  182: 1
  185: 1
  186: 1
  187: 1
  193: 2
  194: 2
  195: 1
  196: 1
  198: 1
  200: 1
  201: 1
  202: 1
  208: 1
  211: 1
  213: 3
  215: 1
  216: 1
  217: 1
  218: 1
  230: 2
  231: 1
  232: 1
  233: 1
  238: 1
  247: 1
  248: 1
  249: 1
  252: 1
  254: 1
  260: 1
  267: 1
  277: 1
  283: 1
  284: 1
  315: 1
  322: 1
  329: 1
  381: 1
  443: 1
  446: 1
  462: 2
  474: 1
  493: 1
  505: 1
  543: 1
  574: 1
  610: 1
  616: 1
  626: 1
  659: 1
  660: 1
  663: 1
  667: 1
  668: 1
  686: 1
  694: 1
  695: 1
  702: 1
  705: 1
  713: 1
  715: 1
  718: 1
  761: 1
  768: 1
  797: 1
  815: 1
  857: 1
  884: 1
  885: 1
  940: 1
  970: 1
  972: 1
  1123: 1
  1127: 1
  1192: 1
  1236: 1
  1272: 1
  1291: 1
  1359: 1
  1370: 1
  1512: 1
  1518: 1
  1913: 1
  1941: 1
  2002: 1
  2073: 1
  2421: 1
  2512: 1
  2647: 1
  2835: 1
  2865: 1
  2871: 1
  3294: 1
  3880: 1
  4009: 1
  4036: 1
  4474: 1
  4519: 1
  4710: 1
  4767: 1
  4932: 1
  4938: 1
  4940: 1
  5219: 1
  5543: 1
  5713: 1
  5938: 1
  6105: 1
  6269: 1
  7234: 1
  7784: 1
  8082: 1
  8086: 1
  8153: 1
  8379: 1
  8872: 1
  9506: 1
  9771: 1
  9839: 1
  10332: 1
  10972: 1
  11763: 1
  12344: 1
  12562: 1
  13398: 1
  13745: 1
  13876: 1
  14028: 1
  14143: 1
  14686: 1
  15142: 1
  15228: 1
  15252: 1
  15334: 1
  15488: 1
  15507: 1
  15525: 1
  15543: 1
  15655: 1
  15662: 1
  15695: 1
  15698: 1
  15720: 1
  15721: 1
  15724: 1
  15733: 2
  15735: 1
  15747: 1
  15758: 2
  15772: 1
  15777: 1
  15783: 1
  15786: 1
  15791: 1
  15802: 1
  15825: 1
  15877: 1
  16068: 1
  16121: 1
  16439: 1
  16595: 1
  17107: 1
  17698: 1
  17858: 1
  17885: 1
  17958: 1
  18602: 1
  18756: 1
  19204: 1
  20082: 1
  20358: 1
  21312: 1
  21665: 1
  21824: 1
  22030: 1
  22058: 1
  22118: 1
  22467: 1
  22511: 1
  24521: 1
  26979: 1
  29190: 1
  29331: 1
  30139: 1
  30289: 1
  30781: 1
  31750: 1
  32073: 1
  32848: 1
  33259: 1
  35699: 1
  36127: 1
  37041: 1
  37231: 1
  37989: 1
  38842: 1
  39536: 1
  41803: 1
  42655: 1
  46094: 1
  46569: 1
  50666: 1
  53689: 1
  54186: 1
  54935: 1
  59239: 1
  59738: 1
  65244: 1
  78016: 1
  90826: 1
  113463: 1
  115814: 1
  118069: 1
  135798: 1
  166165: 1
  215056: 1
  704227: 1
hist trap_rdcycle_units bucket=150 (n=392):
  1950-2099: 11
  2100-2249: 74
  2250-2399: 32
  2400-2549: 33
  2550-2699: 85
  2700-2849: 18
  2850-2999: 12
  3000-3149: 8
  3150-3299: 5
  3300-3449: 6
  3450-3599: 9
  3600-3749: 7
  3750-3899: 4
  3900-4049: 7
  4050-4199: 3
  4200-4349: 3
  4350-4499: 3
  4500-4649: 2
  4800-4949: 1
  4950-5099: 2
  5400-5549: 6
  5700-5849: 1
  6450-6599: 1
  6600-6749: 1
  6750-6899: 2
  6900-7049: 1
  7050-7199: 2
  7650-7799: 2
  7800-7949: 1
  7950-8099: 2
  8250-8399: 1
  8550-8699: 1
  8700-8849: 3
  9000-9149: 1
  9150-9299: 1
  9600-9749: 1
  10200-10349: 1
  10350-10499: 1
  10650-10799: 1
  10800-10949: 1
  11400-11549: 1
  12000-12149: 1
  12150-12299: 1
  12450-12599: 1
  12750-12899: 1
  13200-13349: 2
  13350-13499: 3
  13500-13649: 1
  13650-13799: 1
  14100-14249: 1
  14700-14849: 1
  14850-14999: 2
  15150-15299: 2
  15300-15449: 2
  15750-15899: 1
  15900-16049: 2
  16050-16199: 1
  16350-16499: 1
  16950-17099: 1
  17250-17399: 1
  19500-19649: 1
  21750-21899: 1
  22500-22649: 1
  23250-23399: 1
  24000-24149: 1
  24750-24899: 1
  28200-28349: 1
  32400-32549: 1
  45450-45599: 1
RESULT: FAIL (11 checks failed)
done
qemu-system-riscv64: terminating on signal 15 from pid 2286 (timeout)
