wfi-latency: CLINT timer wakeup latency (backlog item 28)
mhartid=0
mtvec=0x800001e4 mscratch=0x800037f0
cal: 10000000 mtime ticks -> rdcycle delta 1500384480 (ratio 149 rdcycle units per tick)
cal: 64 back-to-back (rdcycle, mtime) pairs monotonic: ok
trials: 400 wfi + 400 spin, mtimecmp = mtime+20000 ticks, first 8 of each discarded
trap_count=801 (expected 801, arm retries=1)
raw wfi[0]: cmp=0x99ce03 t_pre=0x99815a c_pre=0x200b214f811 t_entry=0x9a60fd c_entry=0x200b297e8e8 t_resume=0x9afe02 c_resume=0x200b2f37488 mepc_before=0x80000342 mcause=0x8000000000000007
raw wfi[1]: cmp=0x9cb445 t_pre=0x9c6682 c_pre=0x200b3c67e6e t_entry=0x9cb81a c_entry=0x200b3f643f1 t_resume=0x9cb88d c_resume=0x200b3f67a15 mepc_before=0x80000342 mcause=0x8000000000000007
raw spin[0]: cmp=0x9c2f8d t_pre=0x9be1f7 c_pre=0x200b378f293 t_entry=0x9c6449 c_entry=0x200b3c5349b t_resume=0x9c64c7 c_resume=0x200b3c57839 mepc_before=0x80000370 mcause=0x8000000000000007
raw spin[1]: cmp=0x9d06c8 t_pre=0x9cb921 c_pre=0x200b3f6d4ab t_entry=0x9d23d7 c_entry=0x200b43544c0 t_resume=0x9d2609 c_resume=0x200b43688c6 mepc_before=0x80000370 mcause=0x8000000000000007
--- wfi ---
wfi: mepc_before at_wfi=0 after_wfi=400 other=0
wake_to_resume_ticks : min=200 p50=2017 max=355656 mean=5957
wake_to_entry_ticks  : min=178 p50=1971 max=355395 mean=5874
entry_to_resume_ticks: min=19 p50=55 max=1054 mean=83
trap_rdcycle_units   : min=2520 p50=7440 max=156420 mean=11117
hist wake_to_resume_ticks (n=392):
  200: 1
  213: 1
  218: 1
  219: 1
  224: 1
  225: 2
  229: 1
  230: 1
  231: 1
  236: 1
  244: 1
  245: 1
  247: 1
  249: 1
  252: 2
  253: 1
  254: 1
  256: 1
  259: 2
  262: 1
  264: 1
  265: 1
  267: 1
  268: 1
  269: 1
  273: 1
  275: 1
  278: 2
  281: 1
  283: 1
  286: 1
  288: 1
  294: 1
  297: 1
  300: 2
  303: 1
  308: 2
  314: 1
  325: 1
  326: 1
  334: 1
  342: 1
  343: 1
  345: 1
  347: 1
  351: 1
  353: 2
  355: 1
  361: 1
  362: 1
  373: 1
  374: 1
  376: 1
  379: 1
  381: 1
  387: 1
  388: 1
  390: 1
  395: 1
  399: 1
  411: 1
  412: 1
  413: 1
  420: 1
  421: 1
  424: 1
  427: 1
  428: 1
  431: 2
  434: 1
  436: 1
  440: 1
  442: 1
  450: 1
  456: 1
  465: 1
  466: 1
  469: 1
  474: 1
  475: 1
  476: 1
  482: 1
  488: 1
  490: 1
  492: 2
  496: 1
  497: 1
  502: 1
  506: 2
  508: 1
  510: 1
  513: 1
  516: 1
  517: 1
  518: 1
  524: 1
  525: 1
  529: 1
  530: 1
  533: 1
  543: 1
  544: 1
  549: 1
  554: 1
  555: 1
  568: 1
  586: 1
  588: 3
  597: 3
  598: 2
  602: 1
  603: 1
  612: 1
  615: 1
  622: 1
  646: 1
  651: 1
  657: 1
  658: 1
  671: 1
  678: 1
  681: 1
  685: 1
  688: 1
  692: 1
  694: 1
  699: 1
  702: 1
  710: 1
  756: 1
  759: 1
  774: 1
  782: 1
  789: 1
  797: 1
  810: 1
  811: 1
  819: 1
  841: 1
  844: 1
  847: 1
  855: 1
  858: 1
  894: 1
  898: 1
  909: 1
  933: 1
  945: 1
  967: 1
  977: 1
  1005: 1
  1025: 1
  1028: 1
  1036: 1
  1073: 1
  1080: 1
  1082: 1
  1085: 1
  1128: 1
  1202: 1
  1216: 1
  1261: 2
  1267: 1
  1303: 1
  1330: 1
  1364: 1
  1378: 1
  1423: 1
  1478: 1
  1483: 1
  1507: 1
  1565: 1
  1578: 1
  1598: 1
  1607: 1
  1613: 1
  1646: 1
  1648: 1
  1703: 1
  1770: 1
  2017: 1
  2053: 1
  2092: 1
  2155: 1
  2175: 1
  2195: 1
  2342: 1
  2362: 1
  2413: 2
  2443: 1
  2509: 2
  2544: 1
  2605: 1
  2664: 1
  2704: 1
  2715: 1
  2736: 1
  2844: 1
  2906: 1
  2924: 1
  2942: 1
  2947: 1
  2985: 1
  2990: 1
  3214: 1
  3282: 1
  3308: 1
  3357: 1
  3397: 1
  3413: 1
  3420: 1
  3436: 1
  3502: 1
  3514: 1
  3713: 1
  3783: 1
  3845: 1
  3881: 1
  3957: 1
  4120: 1
  4145: 1
  4223: 1
  4252: 1
  4290: 1
  4340: 1
  4438: 1
  4487: 1
  4519: 1
  4601: 1
  4634: 1
  4717: 1
  4731: 1
  4849: 1
  4901: 1
  4919: 1
  5062: 1
  5088: 1
  5144: 1
  5210: 1
  5300: 1
  5445: 1
  5516: 1
  5644: 1
  5650: 1
  5672: 1
  5707: 1
  6054: 1
  6109: 1
  6125: 1
  6135: 1
  6164: 1
  6237: 1
  6352: 1
  6377: 1
  6447: 1
  6533: 1
  6570: 1
  6712: 1
  6733: 1
  6803: 1
  6880: 1
  6932: 1
  7138: 1
  7139: 1
  7157: 1
  7251: 1
  7348: 1
  7350: 1
  7843: 1
  7891: 1
  7948: 1
  7965: 1
  8034: 1
  8121: 1
  8158: 1
  8185: 1
  8217: 1
  8219: 1
  8305: 1
  8340: 1
  8429: 1
  8659: 1
  8681: 1
  8687: 1
  8690: 1
  8726: 1
  8779: 1
  8919: 1
  8925: 1
  8989: 1
  8996: 1
  9024: 1
  9025: 1
  9028: 1
  9034: 1
  9041: 1
  9050: 1
  9091: 1
  9138: 1
  9169: 1
  9170: 1
  9177: 1
  9240: 1
  9242: 1
  9245: 1
  9319: 1
  9327: 1
  9335: 1
  9342: 2
  9347: 1
  9348: 1
  9349: 1
  9362: 1
  9378: 1
  9391: 1
  9400: 2
  9411: 1
  9415: 1
  9467: 1
  9478: 1
  9509: 1
  9743: 1
  9798: 1
  9816: 1
  9934: 1
  9956: 1
  9984: 1
  9992: 1
  9999: 1
  10000: 1
  10006: 1
  10029: 1
  10034: 1
  10043: 1
  10100: 1
  10179: 1
  10186: 1
  10369: 1
  10597: 1
  10967: 1
  11758: 1
  11886: 1
  11958: 1
  12146: 1
  13075: 1
  13443: 1
  14060: 1
  17224: 1
  17320: 1
  18159: 1
  18837: 1
  19036: 1
  19188: 1
  19456: 1
  19479: 1
  19560: 1
  19730: 1
  19838: 1
  20605: 1
  20882: 1
  21149: 1
  22047: 1
  22880: 1
  23688: 1
  29957: 1
  39281: 1
  42509: 1
  47815: 1
  54457: 1
  58651: 1
  79326: 1
  355656: 1
hist trap_rdcycle_units bucket=150 (n=392):
  2400-2549: 2
  2550-2699: 5
  2700-2849: 3
  2850-2999: 4
  3000-3149: 4
  3150-3299: 4
  3300-3449: 6
  3450-3599: 3
  3600-3749: 7
  3750-3899: 5
  3900-4049: 8
  4050-4199: 7
  4200-4349: 9
  4350-4499: 7
  4500-4649: 10
  4650-4799: 9
  4800-4949: 7
  4950-5099: 11
  5100-5249: 6
  5250-5399: 5
  5400-5549: 6
  5550-5699: 6
  5700-5849: 6
  5850-5999: 8
  6000-6149: 6
  6150-6299: 3
  6300-6449: 5
  6450-6599: 4
  6600-6749: 6
  6750-6899: 6
  6900-7049: 7
  7050-7199: 7
  7200-7349: 3
  7350-7499: 4
  7500-7649: 3
  7650-7799: 2
  7800-7949: 2
  7950-8099: 3
  8100-8249: 3
  8250-8399: 4
  8400-8549: 4
  8550-8699: 3
  8700-8849: 4
  8850-8999: 3
  9000-9149: 2
  9150-9299: 5
  9300-9449: 4
  9450-9599: 2
  9600-9749: 5
  9750-9899: 2
  9900-10049: 4
  10050-10199: 3
  10200-10349: 3
  10350-10499: 4
  10500-10649: 2
  10650-10799: 3
  10800-10949: 4
  10950-11099: 1
  11100-11249: 2
  11250-11399: 5
  11400-11549: 9
  11550-11699: 2
  11700-11849: 5
  11850-11999: 3
  12000-12149: 3
  12300-12449: 1
  12450-12599: 2
  12600-12749: 4
  12750-12899: 2
  12900-13049: 2
  13050-13199: 1
  13200-13349: 2
  13350-13499: 3
  13500-13649: 4
  13800-13949: 2
  13950-14099: 3
  14100-14249: 5
  14250-14399: 3
  14550-14699: 3
  15000-15149: 2
  15150-15299: 6
  15300-15449: 3
  15750-15899: 1
  15900-16049: 1
  16050-16199: 1
  16200-16349: 2
  16350-16499: 2
  16500-16649: 3
  16650-16799: 3
  16800-16949: 2
  17250-17399: 2
  17550-17699: 1
  17700-17849: 1
  18000-18149: 1
  18450-18599: 1
  18900-19049: 1
  19950-20099: 1
  20100-20249: 1
  21150-21299: 1
  24450-24599: 1
  28050-28199: 1
  35400-35549: 1
  60450-60599: 1
  66450-66599: 1
  78450-78599: 1
  80100-80249: 1
  84300-84449: 1
  84900-85049: 1
  85800-85949: 1
  86100-86249: 1
  86400-86549: 1
  86850-86999: 1
  88500-88649: 1
  92850-92999: 1
  156300-156449: 1
--- spin baseline ---
spin: mepc_before at_wfi=0 after_wfi=0 other=0
wake_to_resume_ticks : min=144 p50=1070 max=449419 mean=12345
wake_to_entry_ticks  : min=125 p50=1041 max=449179 mean=12276
entry_to_resume_ticks: min=19 p50=38 max=713 mean=68
trap_rdcycle_units   : min=2400 p50=5145 max=105495 mean=9311
hist wake_to_resume_ticks (n=392):
  144: 1
  153: 1
  166: 1
  168: 2
  169: 2
  170: 2
  172: 1
  173: 1
  175: 2
  176: 2
  178: 2
  179: 1
  181: 2
  182: 1
  183: 2
  184: 2
  185: 1
  187: 3
  188: 2
  189: 2
  191: 1
  195: 1
  196: 1
  197: 1
  199: 3
  200: 3
  201: 3
  202: 1
  203: 2
  204: 1
  208: 3
  210: 2
  211: 1
  212: 1
  213: 1
  214: 1
  215: 2
  217: 2
  219: 1
  221: 2
  222: 2
  224: 1
  225: 2
  226: 2
  227: 1
  232: 2
  235: 2
  238: 2
  239: 1
  241: 1
  242: 1
  244: 3
  248: 1
  249: 1
  250: 1
  252: 1
  255: 1
  259: 3
  267: 1
  268: 1
  277: 2
  280: 1
  281: 1
  283: 1
  285: 1
  286: 1
  291: 1
  295: 1
  301: 2
  304: 1
  307: 1
  312: 1
  313: 1
  357: 1
  359: 1
  361: 2
  367: 1
  372: 1
  375: 1
  383: 1
  400: 1
  423: 2
  429: 1
  449: 1
  456: 1
  460: 1
  470: 1
  473: 1
  494: 1
  500: 1
  501: 1
  504: 1
  517: 1
  531: 1
  534: 1
  540: 1
  542: 1
  543: 1
  562: 1
  565: 1
  577: 1
  578: 1
  587: 1
  591: 2
  592: 1
  593: 1
  598: 1
  602: 3
  607: 1
  610: 1
  620: 1
  625: 1
  627: 1
  628: 1
  632: 1
  644: 2
  647: 1
  651: 1
  655: 1
  656: 1
  662: 1
  670: 1
  673: 1
  691: 1
  700: 1
  707: 1
  723: 1
  732: 2
  736: 1
  753: 1
  774: 1
  790: 1
  802: 1
  824: 1
  825: 1
  869: 1
  871: 1
  878: 1
  900: 1
  930: 1
  990: 1
  997: 1
  999: 1
  1005: 2
  1009: 1
  1017: 1
  1024: 1
  1037: 1
  1040: 1
  1066: 1
  1070: 1
  1073: 1
  1078: 1
  1101: 1
  1120: 1
  1121: 1
  1146: 1
  1153: 1
  1176: 1
  1177: 1
  1203: 1
  1205: 1
  1206: 1
  1255: 1
  1260: 1
  1280: 1
  1296: 1
  1299: 1
  1432: 1
  1496: 1
  1544: 1
  1561: 1
  1594: 1
  1629: 1
  1635: 1
  1639: 1
  1775: 1
  1906: 1
  1985: 1
  2272: 1
  2273: 1
  2374: 1
  2705: 1
  2815: 1
  2839: 1
  2848: 1
  2948: 1
  2950: 1
  2996: 1
  3003: 1
  3041: 1
  3114: 1
  3247: 2
  3259: 1
  3685: 1
  3812: 1
  3945: 1
  3967: 1
  4008: 1
  4054: 1
  4272: 1
  4335: 1
  4402: 1
  4471: 1
  4565: 1
  4781: 1
  4886: 1
  4903: 1
  4925: 1
  5055: 1
  5177: 1
  5213: 1
  5316: 1
  5622: 1
  5623: 1
  5638: 1
  5810: 1
  5864: 1
  5885: 1
  6061: 1
  6165: 1
  6379: 1
  6469: 1
  6688: 1
  6829: 1
  6981: 1
  7029: 1
  7051: 1
  7052: 1
  7076: 1
  7133: 1
  7375: 1
  7474: 1
  7530: 1
  7951: 1
  8283: 1
  8303: 1
  8331: 1
  8375: 1
  8519: 1
  8550: 1
  8582: 1
  8718: 1
  8775: 1
  9160: 1
  9194: 1
  9326: 1
  9327: 1
  9365: 1
  9367: 1
  9370: 1
  9647: 1
  9887: 1
  9921: 1
  9995: 1
  9998: 1
  10039: 1
  10043: 1
  10050: 1
  10710: 1
  10748: 1
  10891: 1
  11322: 1
  12152: 1
  12180: 1
  12239: 1
  12311: 1
  12429: 1
  12597: 1
  12859: 1
  13289: 1
  13516: 1
  13704: 1
  13773: 1
  13826: 1
  14248: 1
  15503: 1
  15968: 1
  16450: 1
  16561: 1
  17239: 1
  18398: 1
  18528: 1
  18999: 1
  19159: 1
  19447: 1
  19469: 1
  19506: 1
  19826: 1
  19912: 1
  19931: 1
  19939: 1
  20019: 1
  20142: 1
  20486: 1
  21206: 1
  21560: 1
  21729: 1
  23374: 1
  23831: 1
  24316: 1
  25046: 1
  26277: 1
  26892: 1
  27143: 1
  27199: 1
  27591: 1
  28137: 1
  28911: 1
  29843: 1
  29970: 1
  30164: 1
  31327: 1
  32632: 1
  34706: 1
  34760: 1
  35475: 1
  38089: 1
  41633: 1
  41662: 1
  41697: 1
  45504: 1
  46876: 1
  51212: 1
  54437: 1
  56720: 1
  57165: 1
  58065: 1
  58703: 1
  63720: 1
  67104: 1
  68477: 1
  70300: 1
  78272: 1
  79481: 1
  80038: 1
  90258: 1
  91454: 1
  102756: 1
  151876: 1
  170793: 1
  262285: 1
  282203: 1
  341185: 1
  449419: 1
hist trap_rdcycle_units bucket=150 (n=392):
  2400-2549: 5
  2550-2699: 3
  2700-2849: 2
  2850-2999: 9
  3000-3149: 5
  3150-3299: 17
  3300-3449: 20
  3450-3599: 22
  3600-3749: 17
  3750-3899: 10
  3900-4049: 12
  4050-4199: 19
  4200-4349: 10
  4350-4499: 13
  4500-4649: 7
  4650-4799: 11
  4800-4949: 6
  4950-5099: 8
  5100-5249: 4
  5250-5399: 6
  5400-5549: 6
  5550-5699: 8
  5700-5849: 4
  5850-5999: 5
  6000-6149: 5
  6150-6299: 5
  6300-6449: 2
  6450-6599: 6
  6600-6749: 8
  6750-6899: 5
  6900-7049: 4
  7050-7199: 3
  7200-7349: 1
  7350-7499: 1
  7500-7649: 4
  7650-7799: 2
  7800-7949: 2
  7950-8099: 6
  8100-8249: 2
  8250-8399: 2
  8400-8549: 4
  8550-8699: 1
  9000-9149: 2
  9150-9299: 1
  9300-9449: 2
  9450-9599: 1
  9750-9899: 1
  10050-10199: 2
  10200-10349: 1
  10350-10499: 3
  10650-10799: 2
  10800-10949: 1
  10950-11099: 1
  11100-11249: 1
  11400-11549: 2
  11550-11699: 1
  11700-11849: 1
  12150-12299: 2
  12600-12749: 4
  12750-12899: 1
  13050-13199: 3
  13200-13349: 1
  13500-13649: 2
  13650-13799: 3
  13800-13949: 2
  14100-14249: 3
  14250-14399: 1
  14400-14549: 3
  14550-14699: 1
  14700-14849: 1
  14850-14999: 1
  15000-15149: 2
  15150-15299: 2
  15450-15599: 1
  15750-15899: 1
  15900-16049: 3
  16200-16349: 1
  16500-16649: 3
  16800-16949: 2
  17100-17249: 1
  17550-17699: 1
  17700-17849: 1
  18000-18149: 1
  18150-18299: 1
  18300-18449: 1
  18450-18599: 1
  18600-18749: 1
  18900-19049: 1
  19050-19199: 2
  19200-19349: 1
  19650-19799: 1
  19800-19949: 1
  19950-20099: 1
  20400-20549: 1
  22950-23099: 1
  23850-23999: 1
  24150-24299: 1
  32250-32399: 1
  33750-33899: 1
  36300-36449: 1
  37200-37349: 1
  37350-37499: 1
  39750-39899: 1
  39900-40049: 1
  76200-76349: 1
  78000-78149: 1
  82200-82349: 1
  84300-84449: 1
  86400-86549: 1
  90300-90449: 1
  91950-92099: 1
  97200-97349: 1
  105450-105599: 1
RESULT: PASS
done
qemu-system-riscv64: terminating on signal 15 from pid 11263 (timeout)
